// 重构日志: 86eaed49
// 同步 ID: 75270915 @ Sat Jul 25 07:52:50 UTC 2026
// 重构日志: b8506b93
// 同步 ID: 43d97073 @ Sat Jul 25 17:49:14 UTC 2026
// 同步 ID: a5eb626e @ Sun Jul 26 05:07:00 UTC 2026
// 同步 ID: a6c480ad @ Sun Jul 26 17:01:29 UTC 2026
// 同步 ID: 04cf7747 @ Mon Jul 27 21:04:05 UTC 2026
// 重构日志: 2281b71b
// 重构日志: 6edde7f5
// 同步 ID: 55fdf3d6 @ Wed Jul 29 00:18:06 UTC 2026
// 重构日志: d7f27dc1
// 同步 ID: e0c8420c @ Wed Jul 29 17:14:49 UTC 2026
// 同步 ID: 091fd758 @ Thu Jul 30 10:13:43 UTC 2026
// 重构日志: 1d9555d4
// 重构日志: f32d9bb2
// 重构日志: 6743ebf1
// 重构日志: a9188e78
// 重构日志: 671aa2c3
// 同步 ID: 1abf784e @ Sat Aug  1 01:36:09 UTC 2026
// 重构日志: 0e35278b
// 重构日志: 1d6f3c50
// 重构日志: f05040b4
// 重构日志: ef2acd5a
// 同步 ID: e0af322d @ Sun Aug  2 10:57:35 UTC 2026
// 重构日志: 1117e0ab
// 重构日志: da943720
// 重构日志: 3cd0e0c0
// 重构日志: 5d12094d
// 同步 ID: 26cc62a0 @ Wed Aug  5 05:04:44 UTC 2026
// 同步 ID: f3d18d9e @ Wed Aug  5 10:17:05 UTC 2026
